TimeQuest Timing Analyzer report for SomSub
Wed Apr 10 15:30:01 2019
Quartus II 32-bit Version 13.0.1 Build 232 06/12/2013 Service Pack 1 SJ Web Edition


---------------------
; Table of Contents ;
---------------------
  1. Legal Notice
  2. TimeQuest Timing Analyzer Summary
  3. Parallel Compilation
  4. Clocks
  5. Slow Model Fmax Summary
  6. Slow Model Setup Summary
  7. Slow Model Hold Summary
  8. Slow Model Recovery Summary
  9. Slow Model Removal Summary
 10. Slow Model Minimum Pulse Width Summary
 11. Propagation Delay
 12. Minimum Propagation Delay
 13. Fast Model Setup Summary
 14. Fast Model Hold Summary
 15. Fast Model Recovery Summary
 16. Fast Model Removal Summary
 17. Fast Model Minimum Pulse Width Summary
 18. Propagation Delay
 19. Minimum Propagation Delay
 20. Multicorner Timing Analysis Summary
 21. Progagation Delay
 22. Minimum Progagation Delay
 23. Clock Transfers
 24. Report TCCS
 25. Report RSKM
 26. Unconstrained Paths
 27. TimeQuest Timing Analyzer Messages



----------------
; Legal Notice ;
----------------
Copyright (C) 1991-2013 Altera Corporation
Your use of Altera Corporation's design tools, logic functions 
and other software and tools, and its AMPP partner logic 
functions, and any output files from any of the foregoing 
(including device programming or simulation files), and any 
associated documentation or information are expressly subject 
to the terms and conditions of the Altera Program License 
Subscription Agreement, Altera MegaCore Function License 
Agreement, or other applicable license agreement, including, 
without limitation, that your use is for the sole purpose of 
programming logic devices manufactured by Altera and sold by 
Altera or its authorized distributors.  Please refer to the 
applicable agreement for further details.



+----------------------------------------------------------------------------------------+
; TimeQuest Timing Analyzer Summary                                                      ;
+--------------------+-------------------------------------------------------------------+
; Quartus II Version ; Version 13.0.1 Build 232 06/12/2013 Service Pack 1 SJ Web Edition ;
; Revision Name      ; SomSub                                                            ;
; Device Family      ; Cyclone II                                                        ;
; Device Name        ; EP2C35F672C6                                                      ;
; Timing Models      ; Final                                                             ;
; Delay Model        ; Combined                                                          ;
; Rise/Fall Delays   ; Unavailable                                                       ;
+--------------------+-------------------------------------------------------------------+


Parallel compilation was disabled, but you have multiple processors available. Enable parallel compilation to reduce compilation time.
+-------------------------------------+
; Parallel Compilation                ;
+----------------------------+--------+
; Processors                 ; Number ;
+----------------------------+--------+
; Number detected on machine ; 2      ;
; Maximum allowed            ; 1      ;
+----------------------------+--------+


----------
; Clocks ;
----------
No clocks to report.


---------------------------
; Slow Model Fmax Summary ;
---------------------------
No paths to report.


----------------------------
; Slow Model Setup Summary ;
----------------------------
No paths to report.


---------------------------
; Slow Model Hold Summary ;
---------------------------
No paths to report.


-------------------------------
; Slow Model Recovery Summary ;
-------------------------------
No paths to report.


------------------------------
; Slow Model Removal Summary ;
------------------------------
No paths to report.


------------------------------------------
; Slow Model Minimum Pulse Width Summary ;
------------------------------------------
No paths to report.


+--------------------------------------------------------------+
; Propagation Delay                                            ;
+------------+-------------+--------+--------+--------+--------+
; Input Port ; Output Port ; RR     ; RF     ; FR     ; FF     ;
+------------+-------------+--------+--------+--------+--------+
; S_IN[0]    ; LED_out     ; 11.595 ; 11.595 ; 11.595 ; 11.595 ;
; S_IN[0]    ; MUX_out[0]  ; 10.630 ;        ;        ; 10.630 ;
; S_IN[0]    ; MUX_out[1]  ; 10.545 ;        ;        ; 10.545 ;
; S_IN[0]    ; MUX_out[2]  ; 10.167 ;        ;        ; 10.167 ;
; S_IN[0]    ; MUX_out[3]  ; 11.669 ;        ;        ; 11.669 ;
; S_IN[0]    ; display7[0] ; 14.887 ; 14.887 ; 14.887 ; 14.887 ;
; S_IN[0]    ; display7[1] ; 14.289 ; 14.289 ; 14.289 ; 14.289 ;
; S_IN[0]    ; display7[2] ; 14.164 ; 14.538 ; 14.538 ; 14.164 ;
; S_IN[0]    ; display7[3] ; 13.856 ; 13.856 ; 13.856 ; 13.856 ;
; S_IN[0]    ; display7[4] ; 13.445 ; 13.668 ; 13.668 ; 13.445 ;
; S_IN[0]    ; display7[5] ; 13.164 ; 13.280 ; 13.280 ; 13.164 ;
; S_IN[0]    ; display7[6] ; 13.838 ; 13.838 ; 13.838 ; 13.838 ;
; S_IN[1]    ; LED_out     ; 12.456 ; 12.456 ; 12.456 ; 12.456 ;
; S_IN[1]    ; MUX_out[0]  ; 10.501 ;        ;        ; 10.501 ;
; S_IN[1]    ; MUX_out[1]  ; 11.647 ; 11.251 ; 11.251 ; 11.647 ;
; S_IN[1]    ; MUX_out[2]  ; 11.154 ; 11.220 ; 11.220 ; 11.154 ;
; S_IN[1]    ; MUX_out[3]  ; 11.846 ; 11.566 ; 11.566 ; 11.846 ;
; S_IN[1]    ; display7[0] ; 15.399 ; 15.399 ; 15.399 ; 15.399 ;
; S_IN[1]    ; display7[1] ; 14.554 ; 14.554 ; 14.554 ; 14.554 ;
; S_IN[1]    ; display7[2] ; 15.103 ; 14.779 ; 14.779 ; 15.103 ;
; S_IN[1]    ; display7[3] ; 14.605 ; 14.605 ; 14.605 ; 14.605 ;
; S_IN[1]    ; display7[4] ; 14.547 ; 14.151 ; 14.151 ; 14.547 ;
; S_IN[1]    ; display7[5] ; 14.225 ; 14.225 ; 14.225 ; 14.225 ;
; S_IN[1]    ; display7[6] ; 14.291 ; 14.291 ; 14.291 ; 14.291 ;
; S_IN[2]    ; LED_out     ; 12.457 ; 12.457 ; 12.457 ; 12.457 ;
; S_IN[2]    ; MUX_out[0]  ; 10.804 ; 10.123 ; 10.123 ; 10.804 ;
; S_IN[2]    ; MUX_out[1]  ; 9.942  ; 11.524 ; 11.524 ; 9.942  ;
; S_IN[2]    ; MUX_out[2]  ; 10.634 ; 11.147 ; 11.147 ; 10.634 ;
; S_IN[2]    ; MUX_out[3]  ; 11.866 ; 11.507 ; 11.507 ; 11.866 ;
; S_IN[2]    ; display7[0] ; 15.276 ; 15.276 ; 15.276 ; 15.276 ;
; S_IN[2]    ; display7[1] ; 14.486 ; 14.486 ; 14.486 ; 14.486 ;
; S_IN[2]    ; display7[2] ; 14.376 ; 14.980 ; 14.980 ; 14.376 ;
; S_IN[2]    ; display7[3] ; 14.482 ; 14.482 ; 14.482 ; 14.482 ;
; S_IN[2]    ; display7[4] ; 13.383 ; 14.424 ; 14.424 ; 13.383 ;
; S_IN[2]    ; display7[5] ; 14.102 ; 14.102 ; 14.102 ; 14.102 ;
; S_IN[2]    ; display7[6] ; 14.168 ; 14.168 ; 14.168 ; 14.168 ;
; a[0]       ; LED_out     ; 11.218 ; 11.218 ; 11.218 ; 11.218 ;
; a[0]       ; MUX_out[0]  ; 8.063  ; 8.308  ; 8.308  ; 8.063  ;
; a[0]       ; MUX_out[1]  ; 8.797  ; 8.797  ; 8.797  ; 8.797  ;
; a[0]       ; MUX_out[2]  ; 8.616  ; 8.616  ; 8.616  ; 8.616  ;
; a[0]       ; MUX_out[3]  ; 9.820  ; 9.820  ; 9.820  ; 9.820  ;
; a[0]       ; display7[0] ; 13.038 ; 13.038 ; 13.038 ; 13.038 ;
; a[0]       ; display7[1] ; 12.440 ; 12.440 ; 12.440 ; 12.440 ;
; a[0]       ; display7[2] ; 12.689 ; 12.689 ; 12.689 ; 12.689 ;
; a[0]       ; display7[3] ; 12.067 ; 12.067 ; 12.067 ; 12.067 ;
; a[0]       ; display7[4] ; 11.697 ; 11.697 ; 11.697 ; 11.697 ;
; a[0]       ; display7[5] ; 11.375 ; 11.375 ; 11.375 ; 11.375 ;
; a[0]       ; display7[6] ; 11.989 ; 11.989 ; 11.989 ; 11.989 ;
; a[1]       ; LED_out     ; 11.097 ; 11.097 ; 11.097 ; 11.097 ;
; a[1]       ; MUX_out[1]  ; 8.689  ; 8.689  ; 8.689  ; 8.689  ;
; a[1]       ; MUX_out[2]  ; 8.512  ; 8.512  ; 8.512  ; 8.512  ;
; a[1]       ; MUX_out[3]  ; 9.706  ; 9.706  ; 9.706  ; 9.706  ;
; a[1]       ; display7[0] ; 12.924 ; 12.924 ; 12.924 ; 12.924 ;
; a[1]       ; display7[1] ; 12.326 ; 12.326 ; 12.326 ; 12.326 ;
; a[1]       ; display7[2] ; 12.575 ; 12.575 ; 12.575 ; 12.575 ;
; a[1]       ; display7[3] ; 11.963 ; 11.963 ; 11.963 ; 11.963 ;
; a[1]       ; display7[4] ; 11.589 ; 11.589 ; 11.589 ; 11.589 ;
; a[1]       ; display7[5] ; 11.267 ; 11.267 ; 11.267 ; 11.267 ;
; a[1]       ; display7[6] ; 11.875 ; 11.875 ; 11.875 ; 11.875 ;
; a[2]       ; LED_out     ; 11.281 ; 11.281 ; 11.281 ; 11.281 ;
; a[2]       ; MUX_out[2]  ; 7.777  ; 7.987  ; 7.987  ; 7.777  ;
; a[2]       ; MUX_out[3]  ; 8.937  ; 8.937  ; 8.937  ; 8.937  ;
; a[2]       ; display7[0] ; 12.574 ; 12.574 ; 12.574 ; 12.574 ;
; a[2]       ; display7[1] ; 12.650 ; 12.650 ; 12.650 ; 12.650 ;
; a[2]       ; display7[2] ; 12.899 ; 12.899 ; 12.899 ; 12.899 ;
; a[2]       ; display7[3] ; 12.136 ; 12.136 ; 12.136 ; 12.136 ;
; a[2]       ; display7[4] ; 11.906 ; 11.906 ; 11.906 ; 11.906 ;
; a[2]       ; display7[5] ; 11.518 ; 11.518 ; 11.518 ; 11.518 ;
; a[2]       ; display7[6] ; 12.108 ; 12.108 ; 12.108 ; 12.108 ;
; a[3]       ; LED_out     ; 10.934 ; 10.934 ; 10.934 ; 10.934 ;
; a[3]       ; MUX_out[3]  ; 9.019  ; 9.019  ; 9.019  ; 9.019  ;
; a[3]       ; display7[0] ; 12.237 ; 12.237 ; 12.237 ; 12.237 ;
; a[3]       ; display7[1] ; 12.294 ; 12.294 ; 12.294 ; 12.294 ;
; a[3]       ; display7[2] ; 12.543 ; 12.543 ; 12.543 ; 12.543 ;
; a[3]       ; display7[3] ; 11.780 ; 11.780 ; 11.780 ; 11.780 ;
; a[3]       ; display7[4] ; 11.550 ; 11.550 ; 11.550 ; 11.550 ;
; a[3]       ; display7[5] ; 11.162 ; 11.162 ; 11.162 ; 11.162 ;
; a[3]       ; display7[6] ; 11.752 ; 11.752 ; 11.752 ; 11.752 ;
; b[0]       ; LED_out     ; 10.777 ; 10.777 ; 10.777 ; 10.777 ;
; b[0]       ; MUX_out[0]  ; 7.654  ; 7.654  ; 7.654  ; 7.654  ;
; b[0]       ; MUX_out[1]  ; 8.393  ; 8.393  ; 8.393  ; 8.393  ;
; b[0]       ; MUX_out[2]  ; 8.211  ; 8.211  ; 8.211  ; 8.211  ;
; b[0]       ; MUX_out[3]  ; 9.408  ; 9.408  ; 9.408  ; 9.408  ;
; b[0]       ; display7[0] ; 12.626 ; 12.626 ; 12.626 ; 12.626 ;
; b[0]       ; display7[1] ; 12.028 ; 12.028 ; 12.028 ; 12.028 ;
; b[0]       ; display7[2] ; 12.277 ; 12.277 ; 12.277 ; 12.277 ;
; b[0]       ; display7[3] ; 11.662 ; 11.662 ; 11.662 ; 11.662 ;
; b[0]       ; display7[4] ; 11.293 ; 11.293 ; 11.293 ; 11.293 ;
; b[0]       ; display7[5] ; 10.971 ; 10.971 ; 10.971 ; 10.971 ;
; b[0]       ; display7[6] ; 11.577 ; 11.577 ; 11.577 ; 11.577 ;
; b[1]       ; LED_out     ; 10.894 ; 10.894 ; 10.894 ; 10.894 ;
; b[1]       ; MUX_out[1]  ; 8.491  ; 8.491  ; 8.491  ; 8.491  ;
; b[1]       ; MUX_out[2]  ; 8.287  ; 8.287  ; 8.287  ; 8.287  ;
; b[1]       ; MUX_out[3]  ; 9.521  ; 9.521  ; 9.521  ; 9.521  ;
; b[1]       ; display7[0] ; 12.739 ; 12.739 ; 12.739 ; 12.739 ;
; b[1]       ; display7[1] ; 12.141 ; 12.141 ; 12.141 ; 12.141 ;
; b[1]       ; display7[2] ; 12.390 ; 12.390 ; 12.390 ; 12.390 ;
; b[1]       ; display7[3] ; 11.738 ; 11.738 ; 11.738 ; 11.738 ;
; b[1]       ; display7[4] ; 11.397 ; 11.397 ; 11.397 ; 11.397 ;
; b[1]       ; display7[5] ; 11.069 ; 11.069 ; 11.069 ; 11.069 ;
; b[1]       ; display7[6] ; 11.690 ; 11.690 ; 11.690 ; 11.690 ;
; b[2]       ; LED_out     ; 10.648 ; 10.648 ; 10.648 ; 10.648 ;
; b[2]       ; MUX_out[2]  ; 7.447  ; 7.447  ; 7.447  ; 7.447  ;
; b[2]       ; MUX_out[3]  ; 8.305  ; 8.305  ; 8.305  ; 8.305  ;
; b[2]       ; display7[0] ; 11.941 ; 11.941 ; 11.941 ; 11.941 ;
; b[2]       ; display7[1] ; 12.017 ; 12.017 ; 12.017 ; 12.017 ;
; b[2]       ; display7[2] ; 12.266 ; 12.266 ; 12.266 ; 12.266 ;
; b[2]       ; display7[3] ; 11.503 ; 11.503 ; 11.503 ; 11.503 ;
; b[2]       ; display7[4] ; 11.273 ; 11.273 ; 11.273 ; 11.273 ;
; b[2]       ; display7[5] ; 10.885 ; 10.885 ; 10.885 ; 10.885 ;
; b[2]       ; display7[6] ; 11.475 ; 11.475 ; 11.475 ; 11.475 ;
; b[3]       ; LED_out     ; 11.129 ; 11.129 ; 11.129 ; 11.129 ;
; b[3]       ; MUX_out[3]  ; 9.490  ; 9.490  ; 9.490  ; 9.490  ;
; b[3]       ; display7[0] ; 12.708 ; 12.708 ; 12.708 ; 12.708 ;
; b[3]       ; display7[1] ; 12.491 ; 12.491 ; 12.491 ; 12.491 ;
; b[3]       ; display7[2] ; 12.740 ; 12.740 ; 12.740 ; 12.740 ;
; b[3]       ; display7[3] ; 11.977 ; 11.977 ; 11.977 ; 11.977 ;
; b[3]       ; display7[4] ; 11.747 ; 11.747 ; 11.747 ; 11.747 ;
; b[3]       ; display7[5] ; 11.359 ; 11.359 ; 11.359 ; 11.359 ;
; b[3]       ; display7[6] ; 11.949 ; 11.949 ; 11.949 ; 11.949 ;
; butao      ; display7[0] ;        ; 11.904 ; 11.904 ;        ;
; butao      ; display7[1] ; 11.980 ; 11.980 ; 11.980 ; 11.980 ;
; butao      ; display7[2] ;        ; 12.229 ; 12.229 ;        ;
; butao      ; display7[3] ;        ; 10.695 ; 10.695 ;        ;
; butao      ; display7[4] ;        ; 11.236 ; 11.236 ;        ;
; butao      ; display7[5] ; 10.037 ; 10.848 ; 10.848 ; 10.037 ;
; butao      ; display7[6] ; 11.438 ; 11.438 ; 11.438 ; 11.438 ;
+------------+-------------+--------+--------+--------+--------+


+--------------------------------------------------------------+
; Minimum Propagation Delay                                    ;
+------------+-------------+--------+--------+--------+--------+
; Input Port ; Output Port ; RR     ; RF     ; FR     ; FF     ;
+------------+-------------+--------+--------+--------+--------+
; S_IN[0]    ; LED_out     ; 11.595 ; 11.595 ; 11.595 ; 11.595 ;
; S_IN[0]    ; MUX_out[0]  ; 9.923  ;        ;        ; 9.923  ;
; S_IN[0]    ; MUX_out[1]  ; 10.545 ;        ;        ; 10.545 ;
; S_IN[0]    ; MUX_out[2]  ; 10.167 ;        ;        ; 10.167 ;
; S_IN[0]    ; MUX_out[3]  ; 10.394 ;        ;        ; 10.394 ;
; S_IN[0]    ; display7[0] ; 10.891 ; 10.891 ; 10.891 ; 10.891 ;
; S_IN[0]    ; display7[1] ; 11.758 ; 11.097 ; 11.097 ; 11.758 ;
; S_IN[0]    ; display7[2] ; 10.875 ; 10.875 ; 10.875 ; 10.875 ;
; S_IN[0]    ; display7[3] ; 11.306 ; 11.460 ; 11.460 ; 11.306 ;
; S_IN[0]    ; display7[4] ; 10.893 ; 10.893 ; 10.893 ; 10.893 ;
; S_IN[0]    ; display7[5] ; 11.109 ; 11.460 ; 11.460 ; 11.109 ;
; S_IN[0]    ; display7[6] ; 11.583 ; 10.564 ; 10.564 ; 11.583 ;
; S_IN[1]    ; LED_out     ; 12.456 ; 12.456 ; 12.456 ; 12.456 ;
; S_IN[1]    ; MUX_out[0]  ; 10.501 ;        ;        ; 10.501 ;
; S_IN[1]    ; MUX_out[1]  ; 10.721 ; 11.251 ; 11.251 ; 10.721 ;
; S_IN[1]    ; MUX_out[2]  ; 10.343 ; 11.220 ; 11.220 ; 10.343 ;
; S_IN[1]    ; MUX_out[3]  ; 10.425 ; 11.566 ; 11.566 ; 10.425 ;
; S_IN[1]    ; display7[0] ; 11.469 ; 11.469 ; 11.469 ; 11.469 ;
; S_IN[1]    ; display7[1] ; 11.833 ; 11.128 ; 11.128 ; 11.833 ;
; S_IN[1]    ; display7[2] ; 11.453 ; 11.453 ; 11.453 ; 11.453 ;
; S_IN[1]    ; display7[3] ; 11.482 ; 11.491 ; 11.491 ; 11.482 ;
; S_IN[1]    ; display7[4] ; 10.924 ; 10.924 ; 10.924 ; 10.924 ;
; S_IN[1]    ; display7[5] ; 11.273 ; 11.491 ; 11.491 ; 11.273 ;
; S_IN[1]    ; display7[6] ; 12.161 ; 10.728 ; 10.728 ; 12.161 ;
; S_IN[2]    ; LED_out     ; 11.762 ; 11.762 ; 11.762 ; 11.762 ;
; S_IN[2]    ; MUX_out[0]  ; 10.804 ; 10.123 ; 10.123 ; 10.804 ;
; S_IN[2]    ; MUX_out[1]  ; 9.942  ; 10.747 ; 10.747 ; 9.942  ;
; S_IN[2]    ; MUX_out[2]  ; 10.634 ; 10.369 ; 10.369 ; 10.634 ;
; S_IN[2]    ; MUX_out[3]  ; 11.866 ; 10.271 ; 10.271 ; 11.866 ;
; S_IN[2]    ; display7[0] ; 11.091 ; 11.091 ; 11.091 ; 11.091 ;
; S_IN[2]    ; display7[1] ; 10.974 ; 11.679 ; 11.679 ; 10.974 ;
; S_IN[2]    ; display7[2] ; 11.075 ; 10.980 ; 10.980 ; 11.075 ;
; S_IN[2]    ; display7[3] ; 10.703 ; 11.337 ; 11.337 ; 10.703 ;
; S_IN[2]    ; display7[4] ; 10.770 ; 10.770 ; 10.770 ; 10.770 ;
; S_IN[2]    ; display7[5] ; 11.337 ; 11.233 ; 11.233 ; 11.337 ;
; S_IN[2]    ; display7[6] ; 10.688 ; 11.783 ; 11.783 ; 10.688 ;
; a[0]       ; LED_out     ; 11.088 ; 11.088 ; 11.088 ; 11.088 ;
; a[0]       ; MUX_out[0]  ; 8.063  ; 8.063  ; 8.063  ; 8.063  ;
; a[0]       ; MUX_out[1]  ; 8.797  ; 8.797  ; 8.797  ; 8.797  ;
; a[0]       ; MUX_out[2]  ; 8.385  ; 8.385  ; 8.385  ; 8.385  ;
; a[0]       ; MUX_out[3]  ; 9.155  ; 9.155  ; 9.155  ; 9.155  ;
; a[0]       ; display7[0] ; 9.031  ; 9.031  ; 9.031  ; 9.031  ;
; a[0]       ; display7[1] ; 9.858  ; 9.858  ; 9.858  ; 9.858  ;
; a[0]       ; display7[2] ; 9.015  ; 9.015  ; 9.015  ; 9.015  ;
; a[0]       ; display7[3] ; 9.524  ; 9.558  ; 9.558  ; 9.524  ;
; a[0]       ; display7[4] ; 9.400  ; 9.400  ; 9.400  ; 9.400  ;
; a[0]       ; display7[5] ; 9.544  ; 9.534  ; 9.534  ; 9.544  ;
; a[0]       ; display7[6] ; 8.990  ; 9.000  ; 9.000  ; 8.990  ;
; a[1]       ; LED_out     ; 10.979 ; 10.979 ; 10.979 ; 10.979 ;
; a[1]       ; MUX_out[1]  ; 8.689  ; 7.311  ; 7.311  ; 8.689  ;
; a[1]       ; MUX_out[2]  ; 8.271  ; 8.271  ; 8.271  ; 8.271  ;
; a[1]       ; MUX_out[3]  ; 9.051  ; 9.051  ; 9.051  ; 9.051  ;
; a[1]       ; display7[0] ; 9.178  ; 9.556  ; 9.556  ; 9.178  ;
; a[1]       ; display7[1] ; 9.339  ; 8.832  ; 8.832  ; 9.339  ;
; a[1]       ; display7[2] ; 8.349  ; 9.476  ; 9.476  ; 8.349  ;
; a[1]       ; display7[3] ; 9.403  ; 8.072  ; 8.072  ; 9.403  ;
; a[1]       ; display7[4] ; 9.248  ; 8.922  ; 8.922  ; 9.248  ;
; a[1]       ; display7[5] ; 9.136  ; 9.136  ; 9.136  ; 9.136  ;
; a[1]       ; display7[6] ; 8.592  ; 8.592  ; 8.592  ; 8.592  ;
; a[2]       ; LED_out     ; 10.235 ; 10.967 ; 10.967 ; 10.235 ;
; a[2]       ; MUX_out[2]  ; 7.658  ; 7.658  ; 7.658  ; 7.658  ;
; a[2]       ; MUX_out[3]  ; 8.195  ; 8.195  ; 8.195  ; 8.195  ;
; a[2]       ; display7[0] ; 9.167  ; 9.349  ; 9.349  ; 9.167  ;
; a[2]       ; display7[1] ; 8.898  ; 8.898  ; 8.898  ; 8.898  ;
; a[2]       ; display7[2] ; 9.111  ; 9.111  ; 9.111  ; 9.111  ;
; a[2]       ; display7[3] ; 9.116  ; 9.116  ; 9.116  ; 9.116  ;
; a[2]       ; display7[4] ; 8.673  ; 8.673  ; 8.673  ; 8.673  ;
; a[2]       ; display7[5] ; 9.261  ; 9.261  ; 9.261  ; 9.261  ;
; a[2]       ; display7[6] ; 8.869  ; 8.869  ; 8.869  ; 8.869  ;
; a[3]       ; LED_out     ; 9.100  ; 10.611 ; 10.611 ; 9.100  ;
; a[3]       ; MUX_out[3]  ; 8.462  ; 8.462  ; 8.462  ; 8.462  ;
; a[3]       ; display7[0] ; 8.773  ; 8.993  ; 8.993  ; 8.773  ;
; a[3]       ; display7[1] ; 9.165  ; 9.165  ; 9.165  ; 9.165  ;
; a[3]       ; display7[2] ; 9.264  ; 9.043  ; 9.043  ; 9.264  ;
; a[3]       ; display7[3] ; 9.191  ; 9.191  ; 9.191  ; 9.191  ;
; a[3]       ; display7[4] ; 8.961  ; 8.961  ; 8.961  ; 8.961  ;
; a[3]       ; display7[5] ; 9.057  ; 9.057  ; 9.057  ; 9.057  ;
; a[3]       ; display7[6] ; 8.513  ; 8.513  ; 8.513  ; 8.513  ;
; b[0]       ; LED_out     ; 10.687 ; 10.687 ; 10.687 ; 10.687 ;
; b[0]       ; MUX_out[0]  ; 7.654  ; 7.654  ; 7.654  ; 7.654  ;
; b[0]       ; MUX_out[1]  ; 7.455  ; 7.455  ; 7.455  ; 7.455  ;
; b[0]       ; MUX_out[2]  ; 7.973  ; 7.973  ; 7.973  ; 7.973  ;
; b[0]       ; MUX_out[3]  ; 8.750  ; 8.750  ; 8.750  ; 8.750  ;
; b[0]       ; display7[0] ; 8.622  ; 8.622  ; 8.622  ; 8.622  ;
; b[0]       ; display7[1] ; 8.976  ; 8.976  ; 8.976  ; 8.976  ;
; b[0]       ; display7[2] ; 8.493  ; 8.493  ; 8.493  ; 8.493  ;
; b[0]       ; display7[3] ; 8.216  ; 8.216  ; 8.216  ; 8.216  ;
; b[0]       ; display7[4] ; 8.988  ; 8.988  ; 8.988  ; 8.988  ;
; b[0]       ; display7[5] ; 9.119  ; 9.135  ; 9.135  ; 9.119  ;
; b[0]       ; display7[6] ; 8.591  ; 8.574  ; 8.574  ; 8.591  ;
; b[1]       ; LED_out     ; 10.784 ; 10.784 ; 10.784 ; 10.784 ;
; b[1]       ; MUX_out[1]  ; 8.491  ; 8.491  ; 8.491  ; 8.491  ;
; b[1]       ; MUX_out[2]  ; 8.086  ; 8.086  ; 8.086  ; 8.086  ;
; b[1]       ; MUX_out[3]  ; 8.826  ; 8.826  ; 8.826  ; 8.826  ;
; b[1]       ; display7[0] ; 8.825  ; 8.825  ; 8.825  ; 8.825  ;
; b[1]       ; display7[1] ; 9.529  ; 9.529  ; 9.529  ; 9.529  ;
; b[1]       ; display7[2] ; 9.096  ; 9.096  ; 9.096  ; 9.096  ;
; b[1]       ; display7[3] ; 9.023  ; 9.023  ; 9.023  ; 9.023  ;
; b[1]       ; display7[4] ; 8.517  ; 8.517  ; 8.517  ; 8.517  ;
; b[1]       ; display7[5] ; 8.405  ; 8.405  ; 8.405  ; 8.405  ;
; b[1]       ; display7[6] ; 7.861  ; 7.861  ; 7.861  ; 7.861  ;
; b[2]       ; LED_out     ; 9.604  ; 10.334 ; 10.334 ; 9.604  ;
; b[2]       ; MUX_out[2]  ; 7.025  ; 7.025  ; 7.025  ; 7.025  ;
; b[2]       ; MUX_out[3]  ; 7.561  ; 7.561  ; 7.561  ; 7.561  ;
; b[2]       ; display7[0] ; 8.716  ; 8.533  ; 8.533  ; 8.716  ;
; b[2]       ; display7[1] ; 8.264  ; 8.264  ; 8.264  ; 8.264  ;
; b[2]       ; display7[2] ; 8.478  ; 8.478  ; 8.478  ; 8.478  ;
; b[2]       ; display7[3] ; 8.483  ; 8.483  ; 8.483  ; 8.483  ;
; b[2]       ; display7[4] ; 8.040  ; 8.040  ; 8.040  ; 8.040  ;
; b[2]       ; display7[5] ; 8.627  ; 8.627  ; 8.627  ; 8.627  ;
; b[2]       ; display7[6] ; 8.236  ; 8.236  ; 8.236  ; 8.236  ;
; b[3]       ; LED_out     ; 9.569  ; 10.808 ; 10.808 ; 9.569  ;
; b[3]       ; MUX_out[3]  ; 8.933  ; 8.933  ; 8.933  ; 8.933  ;
; b[3]       ; display7[0] ; 9.190  ; 9.008  ; 9.008  ; 9.190  ;
; b[3]       ; display7[1] ; 9.636  ; 9.636  ; 9.636  ; 9.636  ;
; b[3]       ; display7[2] ; 9.278  ; 9.461  ; 9.461  ; 9.278  ;
; b[3]       ; display7[3] ; 9.388  ; 9.388  ; 9.388  ; 9.388  ;
; b[3]       ; display7[4] ; 9.366  ; 9.366  ; 9.366  ; 9.366  ;
; b[3]       ; display7[5] ; 9.254  ; 9.254  ; 9.254  ; 9.254  ;
; b[3]       ; display7[6] ; 8.710  ; 8.710  ; 8.710  ; 8.710  ;
; butao      ; display7[0] ;        ; 9.641  ; 9.641  ;        ;
; butao      ; display7[1] ; 11.980 ; 9.714  ; 9.714  ; 11.980 ;
; butao      ; display7[2] ;        ; 9.629  ; 9.629  ;        ;
; butao      ; display7[3] ;        ; 10.650 ; 10.650 ;        ;
; butao      ; display7[4] ;        ; 9.682  ; 9.682  ;        ;
; butao      ; display7[5] ; 9.859  ; 9.859  ; 9.859  ; 9.859  ;
; butao      ; display7[6] ; 11.438 ; 9.720  ; 9.720  ; 11.438 ;
+------------+-------------+--------+--------+--------+--------+


----------------------------
; Fast Model Setup Summary ;
----------------------------
No paths to report.


---------------------------
; Fast Model Hold Summary ;
---------------------------
No paths to report.


-------------------------------
; Fast Model Recovery Summary ;
-------------------------------
No paths to report.


------------------------------
; Fast Model Removal Summary ;
------------------------------
No paths to report.


------------------------------------------
; Fast Model Minimum Pulse Width Summary ;
------------------------------------------
No paths to report.


+----------------------------------------------------------+
; Propagation Delay                                        ;
+------------+-------------+-------+-------+-------+-------+
; Input Port ; Output Port ; RR    ; RF    ; FR    ; FF    ;
+------------+-------------+-------+-------+-------+-------+
; S_IN[0]    ; LED_out     ; 6.406 ; 6.406 ; 6.406 ; 6.406 ;
; S_IN[0]    ; MUX_out[0]  ; 5.797 ;       ;       ; 5.797 ;
; S_IN[0]    ; MUX_out[1]  ; 5.747 ;       ;       ; 5.747 ;
; S_IN[0]    ; MUX_out[2]  ; 5.596 ;       ;       ; 5.596 ;
; S_IN[0]    ; MUX_out[3]  ; 6.235 ;       ;       ; 6.235 ;
; S_IN[0]    ; display7[0] ; 7.630 ; 7.630 ; 7.630 ; 7.630 ;
; S_IN[0]    ; display7[1] ; 7.375 ; 7.375 ; 7.375 ; 7.375 ;
; S_IN[0]    ; display7[2] ; 7.324 ; 7.479 ; 7.479 ; 7.324 ;
; S_IN[0]    ; display7[3] ; 7.184 ; 7.184 ; 7.184 ; 7.184 ;
; S_IN[0]    ; display7[4] ; 7.015 ; 7.095 ; 7.095 ; 7.015 ;
; S_IN[0]    ; display7[5] ; 6.882 ; 6.932 ; 6.932 ; 6.882 ;
; S_IN[0]    ; display7[6] ; 7.149 ; 7.149 ; 7.149 ; 7.149 ;
; S_IN[1]    ; LED_out     ; 6.757 ; 6.757 ; 6.757 ; 6.757 ;
; S_IN[1]    ; MUX_out[0]  ; 5.714 ;       ;       ; 5.714 ;
; S_IN[1]    ; MUX_out[1]  ; 6.187 ; 6.021 ; 6.021 ; 6.187 ;
; S_IN[1]    ; MUX_out[2]  ; 5.984 ; 6.046 ; 6.046 ; 5.984 ;
; S_IN[1]    ; MUX_out[3]  ; 6.288 ; 6.172 ; 6.172 ; 6.288 ;
; S_IN[1]    ; display7[0] ; 7.820 ; 7.820 ; 7.820 ; 7.820 ;
; S_IN[1]    ; display7[1] ; 7.428 ; 7.428 ; 7.428 ; 7.428 ;
; S_IN[1]    ; display7[2] ; 7.691 ; 7.613 ; 7.613 ; 7.691 ;
; S_IN[1]    ; display7[3] ; 7.493 ; 7.493 ; 7.493 ; 7.493 ;
; S_IN[1]    ; display7[4] ; 7.455 ; 7.289 ; 7.289 ; 7.455 ;
; S_IN[1]    ; display7[5] ; 7.322 ; 7.322 ; 7.322 ; 7.322 ;
; S_IN[1]    ; display7[6] ; 7.323 ; 7.323 ; 7.323 ; 7.323 ;
; S_IN[2]    ; LED_out     ; 6.780 ; 6.780 ; 6.780 ; 6.780 ;
; S_IN[2]    ; MUX_out[0]  ; 5.888 ; 5.581 ; 5.581 ; 5.888 ;
; S_IN[2]    ; MUX_out[1]  ; 5.484 ; 6.145 ; 6.145 ; 5.484 ;
; S_IN[2]    ; MUX_out[2]  ; 5.785 ; 6.017 ; 6.017 ; 5.785 ;
; S_IN[2]    ; MUX_out[3]  ; 6.321 ; 6.166 ; 6.166 ; 6.321 ;
; S_IN[2]    ; display7[0] ; 7.778 ; 7.778 ; 7.778 ; 7.778 ;
; S_IN[2]    ; display7[1] ; 7.461 ; 7.461 ; 7.461 ; 7.461 ;
; S_IN[2]    ; display7[2] ; 7.410 ; 7.649 ; 7.649 ; 7.410 ;
; S_IN[2]    ; display7[3] ; 7.451 ; 7.451 ; 7.451 ; 7.451 ;
; S_IN[2]    ; display7[4] ; 6.986 ; 7.413 ; 7.413 ; 6.986 ;
; S_IN[2]    ; display7[5] ; 7.280 ; 7.280 ; 7.280 ; 7.280 ;
; S_IN[2]    ; display7[6] ; 7.281 ; 7.281 ; 7.281 ; 7.281 ;
; a[0]       ; LED_out     ; 5.655 ; 5.655 ; 5.655 ; 5.655 ;
; a[0]       ; MUX_out[0]  ; 4.097 ; 4.219 ; 4.219 ; 4.097 ;
; a[0]       ; MUX_out[1]  ; 4.392 ; 4.392 ; 4.392 ; 4.392 ;
; a[0]       ; MUX_out[2]  ; 4.324 ; 4.324 ; 4.324 ; 4.324 ;
; a[0]       ; MUX_out[3]  ; 4.833 ; 4.833 ; 4.833 ; 4.833 ;
; a[0]       ; display7[0] ; 6.228 ; 6.228 ; 6.228 ; 6.228 ;
; a[0]       ; display7[1] ; 5.973 ; 5.973 ; 5.973 ; 5.973 ;
; a[0]       ; display7[2] ; 6.077 ; 6.077 ; 6.077 ; 6.077 ;
; a[0]       ; display7[3] ; 5.833 ; 5.833 ; 5.833 ; 5.833 ;
; a[0]       ; display7[4] ; 5.660 ; 5.660 ; 5.660 ; 5.660 ;
; a[0]       ; display7[5] ; 5.527 ; 5.527 ; 5.527 ; 5.527 ;
; a[0]       ; display7[6] ; 5.747 ; 5.747 ; 5.747 ; 5.747 ;
; a[1]       ; LED_out     ; 5.612 ; 5.612 ; 5.612 ; 5.612 ;
; a[1]       ; MUX_out[1]  ; 4.357 ; 4.357 ; 4.357 ; 4.357 ;
; a[1]       ; MUX_out[2]  ; 4.290 ; 4.290 ; 4.290 ; 4.290 ;
; a[1]       ; MUX_out[3]  ; 4.794 ; 4.794 ; 4.794 ; 4.794 ;
; a[1]       ; display7[0] ; 6.189 ; 6.189 ; 6.189 ; 6.189 ;
; a[1]       ; display7[1] ; 5.934 ; 5.934 ; 5.934 ; 5.934 ;
; a[1]       ; display7[2] ; 6.038 ; 6.038 ; 6.038 ; 6.038 ;
; a[1]       ; display7[3] ; 5.799 ; 5.799 ; 5.799 ; 5.799 ;
; a[1]       ; display7[4] ; 5.625 ; 5.625 ; 5.625 ; 5.625 ;
; a[1]       ; display7[5] ; 5.492 ; 5.492 ; 5.492 ; 5.492 ;
; a[1]       ; display7[6] ; 5.708 ; 5.708 ; 5.708 ; 5.708 ;
; a[2]       ; LED_out     ; 5.670 ; 5.670 ; 5.670 ; 5.670 ;
; a[2]       ; MUX_out[2]  ; 3.971 ; 4.060 ; 4.060 ; 3.971 ;
; a[2]       ; MUX_out[3]  ; 4.455 ; 4.455 ; 4.455 ; 4.455 ;
; a[2]       ; display7[0] ; 6.073 ; 6.073 ; 6.073 ; 6.073 ;
; a[2]       ; display7[1] ; 6.080 ; 6.080 ; 6.080 ; 6.080 ;
; a[2]       ; display7[2] ; 6.184 ; 6.184 ; 6.184 ; 6.184 ;
; a[2]       ; display7[3] ; 5.895 ; 5.895 ; 5.895 ; 5.895 ;
; a[2]       ; display7[4] ; 5.752 ; 5.752 ; 5.752 ; 5.752 ;
; a[2]       ; display7[5] ; 5.589 ; 5.589 ; 5.589 ; 5.589 ;
; a[2]       ; display7[6] ; 5.823 ; 5.823 ; 5.823 ; 5.823 ;
; a[3]       ; LED_out     ; 5.489 ; 5.489 ; 5.489 ; 5.489 ;
; a[3]       ; MUX_out[3]  ; 4.438 ; 4.438 ; 4.438 ; 4.438 ;
; a[3]       ; display7[0] ; 5.876 ; 5.876 ; 5.876 ; 5.876 ;
; a[3]       ; display7[1] ; 5.883 ; 5.883 ; 5.883 ; 5.883 ;
; a[3]       ; display7[2] ; 5.987 ; 5.987 ; 5.987 ; 5.987 ;
; a[3]       ; display7[3] ; 5.698 ; 5.698 ; 5.698 ; 5.698 ;
; a[3]       ; display7[4] ; 5.555 ; 5.555 ; 5.555 ; 5.555 ;
; a[3]       ; display7[5] ; 5.392 ; 5.392 ; 5.392 ; 5.392 ;
; a[3]       ; display7[6] ; 5.626 ; 5.626 ; 5.626 ; 5.626 ;
; b[0]       ; LED_out     ; 5.479 ; 5.479 ; 5.479 ; 5.479 ;
; b[0]       ; MUX_out[0]  ; 3.921 ; 3.921 ; 3.921 ; 3.921 ;
; b[0]       ; MUX_out[1]  ; 4.219 ; 4.219 ; 4.219 ; 4.219 ;
; b[0]       ; MUX_out[2]  ; 4.152 ; 4.152 ; 4.152 ; 4.152 ;
; b[0]       ; MUX_out[3]  ; 4.661 ; 4.661 ; 4.661 ; 4.661 ;
; b[0]       ; display7[0] ; 6.056 ; 6.056 ; 6.056 ; 6.056 ;
; b[0]       ; display7[1] ; 5.801 ; 5.801 ; 5.801 ; 5.801 ;
; b[0]       ; display7[2] ; 5.905 ; 5.905 ; 5.905 ; 5.905 ;
; b[0]       ; display7[3] ; 5.661 ; 5.661 ; 5.661 ; 5.661 ;
; b[0]       ; display7[4] ; 5.487 ; 5.487 ; 5.487 ; 5.487 ;
; b[0]       ; display7[5] ; 5.354 ; 5.354 ; 5.354 ; 5.354 ;
; b[0]       ; display7[6] ; 5.575 ; 5.575 ; 5.575 ; 5.575 ;
; b[1]       ; LED_out     ; 5.492 ; 5.492 ; 5.492 ; 5.492 ;
; b[1]       ; MUX_out[1]  ; 4.222 ; 4.222 ; 4.222 ; 4.222 ;
; b[1]       ; MUX_out[2]  ; 4.152 ; 4.152 ; 4.152 ; 4.152 ;
; b[1]       ; MUX_out[3]  ; 4.669 ; 4.669 ; 4.669 ; 4.669 ;
; b[1]       ; display7[0] ; 6.064 ; 6.064 ; 6.064 ; 6.064 ;
; b[1]       ; display7[1] ; 5.809 ; 5.809 ; 5.809 ; 5.809 ;
; b[1]       ; display7[2] ; 5.913 ; 5.913 ; 5.913 ; 5.913 ;
; b[1]       ; display7[3] ; 5.661 ; 5.661 ; 5.661 ; 5.661 ;
; b[1]       ; display7[4] ; 5.490 ; 5.490 ; 5.490 ; 5.490 ;
; b[1]       ; display7[5] ; 5.357 ; 5.357 ; 5.357 ; 5.357 ;
; b[1]       ; display7[6] ; 5.583 ; 5.583 ; 5.583 ; 5.583 ;
; b[2]       ; LED_out     ; 5.351 ; 5.351 ; 5.351 ; 5.351 ;
; b[2]       ; MUX_out[2]  ; 3.779 ; 3.779 ; 3.779 ; 3.779 ;
; b[2]       ; MUX_out[3]  ; 4.134 ; 4.134 ; 4.134 ; 4.134 ;
; b[2]       ; display7[0] ; 5.750 ; 5.750 ; 5.750 ; 5.750 ;
; b[2]       ; display7[1] ; 5.757 ; 5.757 ; 5.757 ; 5.757 ;
; b[2]       ; display7[2] ; 5.861 ; 5.861 ; 5.861 ; 5.861 ;
; b[2]       ; display7[3] ; 5.572 ; 5.572 ; 5.572 ; 5.572 ;
; b[2]       ; display7[4] ; 5.429 ; 5.429 ; 5.429 ; 5.429 ;
; b[2]       ; display7[5] ; 5.266 ; 5.266 ; 5.266 ; 5.266 ;
; b[2]       ; display7[6] ; 5.500 ; 5.500 ; 5.500 ; 5.500 ;
; b[3]       ; LED_out     ; 5.600 ; 5.600 ; 5.600 ; 5.600 ;
; b[3]       ; MUX_out[3]  ; 4.673 ; 4.673 ; 4.673 ; 4.673 ;
; b[3]       ; display7[0] ; 6.068 ; 6.068 ; 6.068 ; 6.068 ;
; b[3]       ; display7[1] ; 6.001 ; 6.001 ; 6.001 ; 6.001 ;
; b[3]       ; display7[2] ; 6.105 ; 6.105 ; 6.105 ; 6.105 ;
; b[3]       ; display7[3] ; 5.816 ; 5.816 ; 5.816 ; 5.816 ;
; b[3]       ; display7[4] ; 5.673 ; 5.673 ; 5.673 ; 5.673 ;
; b[3]       ; display7[5] ; 5.510 ; 5.510 ; 5.510 ; 5.510 ;
; b[3]       ; display7[6] ; 5.744 ; 5.744 ; 5.744 ; 5.744 ;
; butao      ; display7[0] ;       ; 6.359 ; 6.359 ;       ;
; butao      ; display7[1] ; 6.366 ; 6.366 ; 6.366 ; 6.366 ;
; butao      ; display7[2] ;       ; 6.470 ; 6.470 ;       ;
; butao      ; display7[3] ;       ; 5.803 ; 5.803 ;       ;
; butao      ; display7[4] ;       ; 6.038 ; 6.038 ;       ;
; butao      ; display7[5] ; 5.512 ; 5.875 ; 5.875 ; 5.512 ;
; butao      ; display7[6] ; 6.109 ; 6.109 ; 6.109 ; 6.109 ;
+------------+-------------+-------+-------+-------+-------+


+----------------------------------------------------------+
; Minimum Propagation Delay                                ;
+------------+-------------+-------+-------+-------+-------+
; Input Port ; Output Port ; RR    ; RF    ; FR    ; FF    ;
+------------+-------------+-------+-------+-------+-------+
; S_IN[0]    ; LED_out     ; 6.406 ; 6.406 ; 6.406 ; 6.406 ;
; S_IN[0]    ; MUX_out[0]  ; 5.472 ;       ;       ; 5.472 ;
; S_IN[0]    ; MUX_out[1]  ; 5.747 ;       ;       ; 5.747 ;
; S_IN[0]    ; MUX_out[2]  ; 5.596 ;       ;       ; 5.596 ;
; S_IN[0]    ; MUX_out[3]  ; 5.661 ;       ;       ; 5.661 ;
; S_IN[0]    ; display7[0] ; 5.898 ; 5.898 ; 5.898 ; 5.898 ;
; S_IN[0]    ; display7[1] ; 6.265 ; 5.989 ; 5.989 ; 6.265 ;
; S_IN[0]    ; display7[2] ; 5.886 ; 5.886 ; 5.886 ; 5.886 ;
; S_IN[0]    ; display7[3] ; 6.077 ; 6.126 ; 6.126 ; 6.077 ;
; S_IN[0]    ; display7[4] ; 5.885 ; 5.885 ; 5.885 ; 5.885 ;
; S_IN[0]    ; display7[5] ; 6.009 ; 6.130 ; 6.130 ; 6.009 ;
; S_IN[0]    ; display7[6] ; 6.169 ; 5.751 ; 5.751 ; 6.169 ;
; S_IN[1]    ; LED_out     ; 6.757 ; 6.757 ; 6.757 ; 6.757 ;
; S_IN[1]    ; MUX_out[0]  ; 5.714 ;       ;       ; 5.714 ;
; S_IN[1]    ; MUX_out[1]  ; 5.791 ; 6.021 ; 6.021 ; 5.791 ;
; S_IN[1]    ; MUX_out[2]  ; 5.640 ; 6.046 ; 6.046 ; 5.640 ;
; S_IN[1]    ; MUX_out[3]  ; 5.670 ; 6.172 ; 6.172 ; 5.670 ;
; S_IN[1]    ; display7[0] ; 6.140 ; 6.140 ; 6.140 ; 6.140 ;
; S_IN[1]    ; display7[1] ; 6.291 ; 5.998 ; 5.998 ; 6.291 ;
; S_IN[1]    ; display7[2] ; 6.128 ; 6.128 ; 6.128 ; 6.128 ;
; S_IN[1]    ; display7[3] ; 6.121 ; 6.135 ; 6.135 ; 6.121 ;
; S_IN[1]    ; display7[4] ; 5.894 ; 5.894 ; 5.894 ; 5.894 ;
; S_IN[1]    ; display7[5] ; 6.051 ; 6.139 ; 6.139 ; 6.051 ;
; S_IN[1]    ; display7[6] ; 6.411 ; 5.793 ; 5.793 ; 6.411 ;
; S_IN[2]    ; LED_out     ; 6.488 ; 6.488 ; 6.488 ; 6.488 ;
; S_IN[2]    ; MUX_out[0]  ; 5.888 ; 5.581 ; 5.581 ; 5.888 ;
; S_IN[2]    ; MUX_out[1]  ; 5.484 ; 5.832 ; 5.832 ; 5.484 ;
; S_IN[2]    ; MUX_out[2]  ; 5.785 ; 5.681 ; 5.681 ; 5.785 ;
; S_IN[2]    ; MUX_out[3]  ; 6.321 ; 5.607 ; 5.607 ; 6.321 ;
; S_IN[2]    ; display7[0] ; 6.007 ; 6.007 ; 6.007 ; 6.007 ;
; S_IN[2]    ; display7[1] ; 5.935 ; 6.228 ; 6.228 ; 5.935 ;
; S_IN[2]    ; display7[2] ; 5.995 ; 5.942 ; 5.942 ; 5.995 ;
; S_IN[2]    ; display7[3] ; 5.814 ; 6.072 ; 6.072 ; 5.814 ;
; S_IN[2]    ; display7[4] ; 5.831 ; 5.831 ; 5.831 ; 5.831 ;
; S_IN[2]    ; display7[5] ; 6.076 ; 6.068 ; 6.068 ; 6.076 ;
; S_IN[2]    ; display7[6] ; 5.810 ; 6.278 ; 6.278 ; 5.810 ;
; a[0]       ; LED_out     ; 5.606 ; 5.606 ; 5.606 ; 5.606 ;
; a[0]       ; MUX_out[0]  ; 4.097 ; 4.097 ; 4.097 ; 4.097 ;
; a[0]       ; MUX_out[1]  ; 4.392 ; 4.392 ; 4.392 ; 4.392 ;
; a[0]       ; MUX_out[2]  ; 4.230 ; 4.230 ; 4.230 ; 4.230 ;
; a[0]       ; MUX_out[3]  ; 4.549 ; 4.549 ; 4.549 ; 4.549 ;
; a[0]       ; display7[0] ; 4.523 ; 4.523 ; 4.523 ; 4.523 ;
; a[0]       ; display7[1] ; 4.877 ; 4.877 ; 4.877 ; 4.877 ;
; a[0]       ; display7[2] ; 4.511 ; 4.511 ; 4.511 ; 4.511 ;
; a[0]       ; display7[3] ; 4.722 ; 4.722 ; 4.722 ; 4.722 ;
; a[0]       ; display7[4] ; 4.685 ; 4.685 ; 4.685 ; 4.685 ;
; a[0]       ; display7[5] ; 4.719 ; 4.719 ; 4.719 ; 4.719 ;
; a[0]       ; display7[6] ; 4.461 ; 4.461 ; 4.461 ; 4.461 ;
; a[1]       ; LED_out     ; 5.571 ; 5.571 ; 5.571 ; 5.571 ;
; a[1]       ; MUX_out[1]  ; 4.357 ; 3.774 ; 3.774 ; 4.357 ;
; a[1]       ; MUX_out[2]  ; 4.191 ; 4.191 ; 4.191 ; 4.191 ;
; a[1]       ; MUX_out[3]  ; 4.515 ; 4.515 ; 4.515 ; 4.515 ;
; a[1]       ; display7[0] ; 4.587 ; 4.788 ; 4.788 ; 4.587 ;
; a[1]       ; display7[1] ; 4.639 ; 4.443 ; 4.443 ; 4.639 ;
; a[1]       ; display7[2] ; 4.232 ; 4.722 ; 4.722 ; 4.232 ;
; a[1]       ; display7[3] ; 4.680 ; 4.104 ; 4.104 ; 4.680 ;
; a[1]       ; display7[4] ; 4.627 ; 4.482 ; 4.482 ; 4.627 ;
; a[1]       ; display7[5] ; 4.589 ; 4.589 ; 4.589 ; 4.589 ;
; a[1]       ; display7[6] ; 4.331 ; 4.331 ; 4.331 ; 4.331 ;
; a[2]       ; LED_out     ; 5.232 ; 5.555 ; 5.555 ; 5.232 ;
; a[2]       ; MUX_out[2]  ; 3.905 ; 3.905 ; 3.905 ; 3.905 ;
; a[2]       ; MUX_out[3]  ; 4.130 ; 4.130 ; 4.130 ; 4.130 ;
; a[2]       ; display7[0] ; 4.567 ; 4.669 ; 4.669 ; 4.567 ;
; a[2]       ; display7[1] ; 4.458 ; 4.458 ; 4.458 ; 4.458 ;
; a[2]       ; display7[2] ; 4.533 ; 4.533 ; 4.533 ; 4.533 ;
; a[2]       ; display7[3] ; 4.557 ; 4.557 ; 4.557 ; 4.557 ;
; a[2]       ; display7[4] ; 4.354 ; 4.354 ; 4.354 ; 4.354 ;
; a[2]       ; display7[5] ; 4.599 ; 4.599 ; 4.599 ; 4.599 ;
; a[2]       ; display7[6] ; 4.444 ; 4.444 ; 4.444 ; 4.444 ;
; a[3]       ; LED_out     ; 4.715 ; 5.358 ; 5.358 ; 4.715 ;
; a[3]       ; MUX_out[3]  ; 4.214 ; 4.214 ; 4.214 ; 4.214 ;
; a[3]       ; display7[0] ; 4.366 ; 4.472 ; 4.472 ; 4.366 ;
; a[3]       ; display7[1] ; 4.542 ; 4.542 ; 4.542 ; 4.542 ;
; a[3]       ; display7[2] ; 4.586 ; 4.479 ; 4.479 ; 4.586 ;
; a[3]       ; display7[3] ; 4.544 ; 4.544 ; 4.544 ; 4.544 ;
; a[3]       ; display7[4] ; 4.438 ; 4.438 ; 4.438 ; 4.438 ;
; a[3]       ; display7[5] ; 4.505 ; 4.505 ; 4.505 ; 4.505 ;
; a[3]       ; display7[6] ; 4.247 ; 4.247 ; 4.247 ; 4.247 ;
; b[0]       ; LED_out     ; 5.438 ; 5.438 ; 5.438 ; 5.438 ;
; b[0]       ; MUX_out[0]  ; 3.921 ; 3.921 ; 3.921 ; 3.921 ;
; b[0]       ; MUX_out[1]  ; 3.818 ; 3.818 ; 3.818 ; 3.818 ;
; b[0]       ; MUX_out[2]  ; 4.058 ; 4.058 ; 4.058 ; 4.058 ;
; b[0]       ; MUX_out[3]  ; 4.377 ; 4.377 ; 4.377 ; 4.377 ;
; b[0]       ; display7[0] ; 4.347 ; 4.347 ; 4.347 ; 4.347 ;
; b[0]       ; display7[1] ; 4.487 ; 4.487 ; 4.487 ; 4.487 ;
; b[0]       ; display7[2] ; 4.276 ; 4.276 ; 4.276 ; 4.276 ;
; b[0]       ; display7[3] ; 4.148 ; 4.148 ; 4.148 ; 4.148 ;
; b[0]       ; display7[4] ; 4.513 ; 4.513 ; 4.513 ; 4.513 ;
; b[0]       ; display7[5] ; 4.543 ; 4.543 ; 4.543 ; 4.543 ;
; b[0]       ; display7[6] ; 4.285 ; 4.285 ; 4.285 ; 4.285 ;
; b[1]       ; LED_out     ; 5.445 ; 5.445 ; 5.445 ; 5.445 ;
; b[1]       ; MUX_out[1]  ; 4.222 ; 4.222 ; 4.222 ; 4.222 ;
; b[1]       ; MUX_out[2]  ; 4.066 ; 4.066 ; 4.066 ; 4.066 ;
; b[1]       ; MUX_out[3]  ; 4.377 ; 4.377 ; 4.377 ; 4.377 ;
; b[1]       ; display7[0] ; 4.411 ; 4.411 ; 4.411 ; 4.411 ;
; b[1]       ; display7[1] ; 4.705 ; 4.705 ; 4.705 ; 4.705 ;
; b[1]       ; display7[2] ; 4.525 ; 4.525 ; 4.525 ; 4.525 ;
; b[1]       ; display7[3] ; 4.483 ; 4.483 ; 4.483 ; 4.483 ;
; b[1]       ; display7[4] ; 4.250 ; 4.250 ; 4.250 ; 4.250 ;
; b[1]       ; display7[5] ; 4.212 ; 4.212 ; 4.212 ; 4.212 ;
; b[1]       ; display7[6] ; 3.954 ; 3.954 ; 3.954 ; 3.954 ;
; b[2]       ; LED_out     ; 4.913 ; 5.232 ; 5.232 ; 4.913 ;
; b[2]       ; MUX_out[2]  ; 3.584 ; 3.584 ; 3.584 ; 3.584 ;
; b[2]       ; MUX_out[3]  ; 3.810 ; 3.810 ; 3.810 ; 3.810 ;
; b[2]       ; display7[0] ; 4.346 ; 4.247 ; 4.247 ; 4.346 ;
; b[2]       ; display7[1] ; 4.138 ; 4.138 ; 4.138 ; 4.138 ;
; b[2]       ; display7[2] ; 4.212 ; 4.212 ; 4.212 ; 4.212 ;
; b[2]       ; display7[3] ; 4.236 ; 4.236 ; 4.236 ; 4.236 ;
; b[2]       ; display7[4] ; 4.034 ; 4.034 ; 4.034 ; 4.034 ;
; b[2]       ; display7[5] ; 4.279 ; 4.279 ; 4.279 ; 4.279 ;
; b[2]       ; display7[6] ; 4.121 ; 4.121 ; 4.121 ; 4.121 ;
; b[3]       ; LED_out     ; 4.949 ; 5.476 ; 5.476 ; 4.949 ;
; b[3]       ; MUX_out[3]  ; 4.449 ; 4.449 ; 4.449 ; 4.449 ;
; b[3]       ; display7[0] ; 4.590 ; 4.488 ; 4.488 ; 4.590 ;
; b[3]       ; display7[1] ; 4.777 ; 4.777 ; 4.777 ; 4.777 ;
; b[3]       ; display7[2] ; 4.601 ; 4.704 ; 4.704 ; 4.601 ;
; b[3]       ; display7[3] ; 4.662 ; 4.662 ; 4.662 ; 4.662 ;
; b[3]       ; display7[4] ; 4.661 ; 4.661 ; 4.661 ; 4.661 ;
; b[3]       ; display7[5] ; 4.623 ; 4.623 ; 4.623 ; 4.623 ;
; b[3]       ; display7[6] ; 4.365 ; 4.365 ; 4.365 ; 4.365 ;
; butao      ; display7[0] ;       ; 5.359 ; 5.359 ;       ;
; butao      ; display7[1] ; 6.366 ; 5.388 ; 5.388 ; 6.366 ;
; butao      ; display7[2] ;       ; 5.349 ; 5.349 ;       ;
; butao      ; display7[3] ;       ; 5.775 ; 5.775 ;       ;
; butao      ; display7[4] ;       ; 5.374 ; 5.374 ;       ;
; butao      ; display7[5] ; 5.432 ; 5.432 ; 5.432 ; 5.432 ;
; butao      ; display7[6] ; 6.109 ; 5.376 ; 5.376 ; 6.109 ;
+------------+-------------+-------+-------+-------+-------+


+----------------------------------------------------------------------------+
; Multicorner Timing Analysis Summary                                        ;
+------------------+-------+------+----------+---------+---------------------+
; Clock            ; Setup ; Hold ; Recovery ; Removal ; Minimum Pulse Width ;
+------------------+-------+------+----------+---------+---------------------+
; Worst-case Slack ; N/A   ; N/A  ; N/A      ; N/A     ; N/A                 ;
; Design-wide TNS  ; 0.0   ; 0.0  ; 0.0      ; 0.0     ; 0.0                 ;
+------------------+-------+------+----------+---------+---------------------+


+--------------------------------------------------------------+
; Progagation Delay                                            ;
+------------+-------------+--------+--------+--------+--------+
; Input Port ; Output Port ; RR     ; RF     ; FR     ; FF     ;
+------------+-------------+--------+--------+--------+--------+
; S_IN[0]    ; LED_out     ; 11.595 ; 11.595 ; 11.595 ; 11.595 ;
; S_IN[0]    ; MUX_out[0]  ; 10.630 ;        ;        ; 10.630 ;
; S_IN[0]    ; MUX_out[1]  ; 10.545 ;        ;        ; 10.545 ;
; S_IN[0]    ; MUX_out[2]  ; 10.167 ;        ;        ; 10.167 ;
; S_IN[0]    ; MUX_out[3]  ; 11.669 ;        ;        ; 11.669 ;
; S_IN[0]    ; display7[0] ; 14.887 ; 14.887 ; 14.887 ; 14.887 ;
; S_IN[0]    ; display7[1] ; 14.289 ; 14.289 ; 14.289 ; 14.289 ;
; S_IN[0]    ; display7[2] ; 14.164 ; 14.538 ; 14.538 ; 14.164 ;
; S_IN[0]    ; display7[3] ; 13.856 ; 13.856 ; 13.856 ; 13.856 ;
; S_IN[0]    ; display7[4] ; 13.445 ; 13.668 ; 13.668 ; 13.445 ;
; S_IN[0]    ; display7[5] ; 13.164 ; 13.280 ; 13.280 ; 13.164 ;
; S_IN[0]    ; display7[6] ; 13.838 ; 13.838 ; 13.838 ; 13.838 ;
; S_IN[1]    ; LED_out     ; 12.456 ; 12.456 ; 12.456 ; 12.456 ;
; S_IN[1]    ; MUX_out[0]  ; 10.501 ;        ;        ; 10.501 ;
; S_IN[1]    ; MUX_out[1]  ; 11.647 ; 11.251 ; 11.251 ; 11.647 ;
; S_IN[1]    ; MUX_out[2]  ; 11.154 ; 11.220 ; 11.220 ; 11.154 ;
; S_IN[1]    ; MUX_out[3]  ; 11.846 ; 11.566 ; 11.566 ; 11.846 ;
; S_IN[1]    ; display7[0] ; 15.399 ; 15.399 ; 15.399 ; 15.399 ;
; S_IN[1]    ; display7[1] ; 14.554 ; 14.554 ; 14.554 ; 14.554 ;
; S_IN[1]    ; display7[2] ; 15.103 ; 14.779 ; 14.779 ; 15.103 ;
; S_IN[1]    ; display7[3] ; 14.605 ; 14.605 ; 14.605 ; 14.605 ;
; S_IN[1]    ; display7[4] ; 14.547 ; 14.151 ; 14.151 ; 14.547 ;
; S_IN[1]    ; display7[5] ; 14.225 ; 14.225 ; 14.225 ; 14.225 ;
; S_IN[1]    ; display7[6] ; 14.291 ; 14.291 ; 14.291 ; 14.291 ;
; S_IN[2]    ; LED_out     ; 12.457 ; 12.457 ; 12.457 ; 12.457 ;
; S_IN[2]    ; MUX_out[0]  ; 10.804 ; 10.123 ; 10.123 ; 10.804 ;
; S_IN[2]    ; MUX_out[1]  ; 9.942  ; 11.524 ; 11.524 ; 9.942  ;
; S_IN[2]    ; MUX_out[2]  ; 10.634 ; 11.147 ; 11.147 ; 10.634 ;
; S_IN[2]    ; MUX_out[3]  ; 11.866 ; 11.507 ; 11.507 ; 11.866 ;
; S_IN[2]    ; display7[0] ; 15.276 ; 15.276 ; 15.276 ; 15.276 ;
; S_IN[2]    ; display7[1] ; 14.486 ; 14.486 ; 14.486 ; 14.486 ;
; S_IN[2]    ; display7[2] ; 14.376 ; 14.980 ; 14.980 ; 14.376 ;
; S_IN[2]    ; display7[3] ; 14.482 ; 14.482 ; 14.482 ; 14.482 ;
; S_IN[2]    ; display7[4] ; 13.383 ; 14.424 ; 14.424 ; 13.383 ;
; S_IN[2]    ; display7[5] ; 14.102 ; 14.102 ; 14.102 ; 14.102 ;
; S_IN[2]    ; display7[6] ; 14.168 ; 14.168 ; 14.168 ; 14.168 ;
; a[0]       ; LED_out     ; 11.218 ; 11.218 ; 11.218 ; 11.218 ;
; a[0]       ; MUX_out[0]  ; 8.063  ; 8.308  ; 8.308  ; 8.063  ;
; a[0]       ; MUX_out[1]  ; 8.797  ; 8.797  ; 8.797  ; 8.797  ;
; a[0]       ; MUX_out[2]  ; 8.616  ; 8.616  ; 8.616  ; 8.616  ;
; a[0]       ; MUX_out[3]  ; 9.820  ; 9.820  ; 9.820  ; 9.820  ;
; a[0]       ; display7[0] ; 13.038 ; 13.038 ; 13.038 ; 13.038 ;
; a[0]       ; display7[1] ; 12.440 ; 12.440 ; 12.440 ; 12.440 ;
; a[0]       ; display7[2] ; 12.689 ; 12.689 ; 12.689 ; 12.689 ;
; a[0]       ; display7[3] ; 12.067 ; 12.067 ; 12.067 ; 12.067 ;
; a[0]       ; display7[4] ; 11.697 ; 11.697 ; 11.697 ; 11.697 ;
; a[0]       ; display7[5] ; 11.375 ; 11.375 ; 11.375 ; 11.375 ;
; a[0]       ; display7[6] ; 11.989 ; 11.989 ; 11.989 ; 11.989 ;
; a[1]       ; LED_out     ; 11.097 ; 11.097 ; 11.097 ; 11.097 ;
; a[1]       ; MUX_out[1]  ; 8.689  ; 8.689  ; 8.689  ; 8.689  ;
; a[1]       ; MUX_out[2]  ; 8.512  ; 8.512  ; 8.512  ; 8.512  ;
; a[1]       ; MUX_out[3]  ; 9.706  ; 9.706  ; 9.706  ; 9.706  ;
; a[1]       ; display7[0] ; 12.924 ; 12.924 ; 12.924 ; 12.924 ;
; a[1]       ; display7[1] ; 12.326 ; 12.326 ; 12.326 ; 12.326 ;
; a[1]       ; display7[2] ; 12.575 ; 12.575 ; 12.575 ; 12.575 ;
; a[1]       ; display7[3] ; 11.963 ; 11.963 ; 11.963 ; 11.963 ;
; a[1]       ; display7[4] ; 11.589 ; 11.589 ; 11.589 ; 11.589 ;
; a[1]       ; display7[5] ; 11.267 ; 11.267 ; 11.267 ; 11.267 ;
; a[1]       ; display7[6] ; 11.875 ; 11.875 ; 11.875 ; 11.875 ;
; a[2]       ; LED_out     ; 11.281 ; 11.281 ; 11.281 ; 11.281 ;
; a[2]       ; MUX_out[2]  ; 7.777  ; 7.987  ; 7.987  ; 7.777  ;
; a[2]       ; MUX_out[3]  ; 8.937  ; 8.937  ; 8.937  ; 8.937  ;
; a[2]       ; display7[0] ; 12.574 ; 12.574 ; 12.574 ; 12.574 ;
; a[2]       ; display7[1] ; 12.650 ; 12.650 ; 12.650 ; 12.650 ;
; a[2]       ; display7[2] ; 12.899 ; 12.899 ; 12.899 ; 12.899 ;
; a[2]       ; display7[3] ; 12.136 ; 12.136 ; 12.136 ; 12.136 ;
; a[2]       ; display7[4] ; 11.906 ; 11.906 ; 11.906 ; 11.906 ;
; a[2]       ; display7[5] ; 11.518 ; 11.518 ; 11.518 ; 11.518 ;
; a[2]       ; display7[6] ; 12.108 ; 12.108 ; 12.108 ; 12.108 ;
; a[3]       ; LED_out     ; 10.934 ; 10.934 ; 10.934 ; 10.934 ;
; a[3]       ; MUX_out[3]  ; 9.019  ; 9.019  ; 9.019  ; 9.019  ;
; a[3]       ; display7[0] ; 12.237 ; 12.237 ; 12.237 ; 12.237 ;
; a[3]       ; display7[1] ; 12.294 ; 12.294 ; 12.294 ; 12.294 ;
; a[3]       ; display7[2] ; 12.543 ; 12.543 ; 12.543 ; 12.543 ;
; a[3]       ; display7[3] ; 11.780 ; 11.780 ; 11.780 ; 11.780 ;
; a[3]       ; display7[4] ; 11.550 ; 11.550 ; 11.550 ; 11.550 ;
; a[3]       ; display7[5] ; 11.162 ; 11.162 ; 11.162 ; 11.162 ;
; a[3]       ; display7[6] ; 11.752 ; 11.752 ; 11.752 ; 11.752 ;
; b[0]       ; LED_out     ; 10.777 ; 10.777 ; 10.777 ; 10.777 ;
; b[0]       ; MUX_out[0]  ; 7.654  ; 7.654  ; 7.654  ; 7.654  ;
; b[0]       ; MUX_out[1]  ; 8.393  ; 8.393  ; 8.393  ; 8.393  ;
; b[0]       ; MUX_out[2]  ; 8.211  ; 8.211  ; 8.211  ; 8.211  ;
; b[0]       ; MUX_out[3]  ; 9.408  ; 9.408  ; 9.408  ; 9.408  ;
; b[0]       ; display7[0] ; 12.626 ; 12.626 ; 12.626 ; 12.626 ;
; b[0]       ; display7[1] ; 12.028 ; 12.028 ; 12.028 ; 12.028 ;
; b[0]       ; display7[2] ; 12.277 ; 12.277 ; 12.277 ; 12.277 ;
; b[0]       ; display7[3] ; 11.662 ; 11.662 ; 11.662 ; 11.662 ;
; b[0]       ; display7[4] ; 11.293 ; 11.293 ; 11.293 ; 11.293 ;
; b[0]       ; display7[5] ; 10.971 ; 10.971 ; 10.971 ; 10.971 ;
; b[0]       ; display7[6] ; 11.577 ; 11.577 ; 11.577 ; 11.577 ;
; b[1]       ; LED_out     ; 10.894 ; 10.894 ; 10.894 ; 10.894 ;
; b[1]       ; MUX_out[1]  ; 8.491  ; 8.491  ; 8.491  ; 8.491  ;
; b[1]       ; MUX_out[2]  ; 8.287  ; 8.287  ; 8.287  ; 8.287  ;
; b[1]       ; MUX_out[3]  ; 9.521  ; 9.521  ; 9.521  ; 9.521  ;
; b[1]       ; display7[0] ; 12.739 ; 12.739 ; 12.739 ; 12.739 ;
; b[1]       ; display7[1] ; 12.141 ; 12.141 ; 12.141 ; 12.141 ;
; b[1]       ; display7[2] ; 12.390 ; 12.390 ; 12.390 ; 12.390 ;
; b[1]       ; display7[3] ; 11.738 ; 11.738 ; 11.738 ; 11.738 ;
; b[1]       ; display7[4] ; 11.397 ; 11.397 ; 11.397 ; 11.397 ;
; b[1]       ; display7[5] ; 11.069 ; 11.069 ; 11.069 ; 11.069 ;
; b[1]       ; display7[6] ; 11.690 ; 11.690 ; 11.690 ; 11.690 ;
; b[2]       ; LED_out     ; 10.648 ; 10.648 ; 10.648 ; 10.648 ;
; b[2]       ; MUX_out[2]  ; 7.447  ; 7.447  ; 7.447  ; 7.447  ;
; b[2]       ; MUX_out[3]  ; 8.305  ; 8.305  ; 8.305  ; 8.305  ;
; b[2]       ; display7[0] ; 11.941 ; 11.941 ; 11.941 ; 11.941 ;
; b[2]       ; display7[1] ; 12.017 ; 12.017 ; 12.017 ; 12.017 ;
; b[2]       ; display7[2] ; 12.266 ; 12.266 ; 12.266 ; 12.266 ;
; b[2]       ; display7[3] ; 11.503 ; 11.503 ; 11.503 ; 11.503 ;
; b[2]       ; display7[4] ; 11.273 ; 11.273 ; 11.273 ; 11.273 ;
; b[2]       ; display7[5] ; 10.885 ; 10.885 ; 10.885 ; 10.885 ;
; b[2]       ; display7[6] ; 11.475 ; 11.475 ; 11.475 ; 11.475 ;
; b[3]       ; LED_out     ; 11.129 ; 11.129 ; 11.129 ; 11.129 ;
; b[3]       ; MUX_out[3]  ; 9.490  ; 9.490  ; 9.490  ; 9.490  ;
; b[3]       ; display7[0] ; 12.708 ; 12.708 ; 12.708 ; 12.708 ;
; b[3]       ; display7[1] ; 12.491 ; 12.491 ; 12.491 ; 12.491 ;
; b[3]       ; display7[2] ; 12.740 ; 12.740 ; 12.740 ; 12.740 ;
; b[3]       ; display7[3] ; 11.977 ; 11.977 ; 11.977 ; 11.977 ;
; b[3]       ; display7[4] ; 11.747 ; 11.747 ; 11.747 ; 11.747 ;
; b[3]       ; display7[5] ; 11.359 ; 11.359 ; 11.359 ; 11.359 ;
; b[3]       ; display7[6] ; 11.949 ; 11.949 ; 11.949 ; 11.949 ;
; butao      ; display7[0] ;        ; 11.904 ; 11.904 ;        ;
; butao      ; display7[1] ; 11.980 ; 11.980 ; 11.980 ; 11.980 ;
; butao      ; display7[2] ;        ; 12.229 ; 12.229 ;        ;
; butao      ; display7[3] ;        ; 10.695 ; 10.695 ;        ;
; butao      ; display7[4] ;        ; 11.236 ; 11.236 ;        ;
; butao      ; display7[5] ; 10.037 ; 10.848 ; 10.848 ; 10.037 ;
; butao      ; display7[6] ; 11.438 ; 11.438 ; 11.438 ; 11.438 ;
+------------+-------------+--------+--------+--------+--------+


+----------------------------------------------------------+
; Minimum Progagation Delay                                ;
+------------+-------------+-------+-------+-------+-------+
; Input Port ; Output Port ; RR    ; RF    ; FR    ; FF    ;
+------------+-------------+-------+-------+-------+-------+
; S_IN[0]    ; LED_out     ; 6.406 ; 6.406 ; 6.406 ; 6.406 ;
; S_IN[0]    ; MUX_out[0]  ; 5.472 ;       ;       ; 5.472 ;
; S_IN[0]    ; MUX_out[1]  ; 5.747 ;       ;       ; 5.747 ;
; S_IN[0]    ; MUX_out[2]  ; 5.596 ;       ;       ; 5.596 ;
; S_IN[0]    ; MUX_out[3]  ; 5.661 ;       ;       ; 5.661 ;
; S_IN[0]    ; display7[0] ; 5.898 ; 5.898 ; 5.898 ; 5.898 ;
; S_IN[0]    ; display7[1] ; 6.265 ; 5.989 ; 5.989 ; 6.265 ;
; S_IN[0]    ; display7[2] ; 5.886 ; 5.886 ; 5.886 ; 5.886 ;
; S_IN[0]    ; display7[3] ; 6.077 ; 6.126 ; 6.126 ; 6.077 ;
; S_IN[0]    ; display7[4] ; 5.885 ; 5.885 ; 5.885 ; 5.885 ;
; S_IN[0]    ; display7[5] ; 6.009 ; 6.130 ; 6.130 ; 6.009 ;
; S_IN[0]    ; display7[6] ; 6.169 ; 5.751 ; 5.751 ; 6.169 ;
; S_IN[1]    ; LED_out     ; 6.757 ; 6.757 ; 6.757 ; 6.757 ;
; S_IN[1]    ; MUX_out[0]  ; 5.714 ;       ;       ; 5.714 ;
; S_IN[1]    ; MUX_out[1]  ; 5.791 ; 6.021 ; 6.021 ; 5.791 ;
; S_IN[1]    ; MUX_out[2]  ; 5.640 ; 6.046 ; 6.046 ; 5.640 ;
; S_IN[1]    ; MUX_out[3]  ; 5.670 ; 6.172 ; 6.172 ; 5.670 ;
; S_IN[1]    ; display7[0] ; 6.140 ; 6.140 ; 6.140 ; 6.140 ;
; S_IN[1]    ; display7[1] ; 6.291 ; 5.998 ; 5.998 ; 6.291 ;
; S_IN[1]    ; display7[2] ; 6.128 ; 6.128 ; 6.128 ; 6.128 ;
; S_IN[1]    ; display7[3] ; 6.121 ; 6.135 ; 6.135 ; 6.121 ;
; S_IN[1]    ; display7[4] ; 5.894 ; 5.894 ; 5.894 ; 5.894 ;
; S_IN[1]    ; display7[5] ; 6.051 ; 6.139 ; 6.139 ; 6.051 ;
; S_IN[1]    ; display7[6] ; 6.411 ; 5.793 ; 5.793 ; 6.411 ;
; S_IN[2]    ; LED_out     ; 6.488 ; 6.488 ; 6.488 ; 6.488 ;
; S_IN[2]    ; MUX_out[0]  ; 5.888 ; 5.581 ; 5.581 ; 5.888 ;
; S_IN[2]    ; MUX_out[1]  ; 5.484 ; 5.832 ; 5.832 ; 5.484 ;
; S_IN[2]    ; MUX_out[2]  ; 5.785 ; 5.681 ; 5.681 ; 5.785 ;
; S_IN[2]    ; MUX_out[3]  ; 6.321 ; 5.607 ; 5.607 ; 6.321 ;
; S_IN[2]    ; display7[0] ; 6.007 ; 6.007 ; 6.007 ; 6.007 ;
; S_IN[2]    ; display7[1] ; 5.935 ; 6.228 ; 6.228 ; 5.935 ;
; S_IN[2]    ; display7[2] ; 5.995 ; 5.942 ; 5.942 ; 5.995 ;
; S_IN[2]    ; display7[3] ; 5.814 ; 6.072 ; 6.072 ; 5.814 ;
; S_IN[2]    ; display7[4] ; 5.831 ; 5.831 ; 5.831 ; 5.831 ;
; S_IN[2]    ; display7[5] ; 6.076 ; 6.068 ; 6.068 ; 6.076 ;
; S_IN[2]    ; display7[6] ; 5.810 ; 6.278 ; 6.278 ; 5.810 ;
; a[0]       ; LED_out     ; 5.606 ; 5.606 ; 5.606 ; 5.606 ;
; a[0]       ; MUX_out[0]  ; 4.097 ; 4.097 ; 4.097 ; 4.097 ;
; a[0]       ; MUX_out[1]  ; 4.392 ; 4.392 ; 4.392 ; 4.392 ;
; a[0]       ; MUX_out[2]  ; 4.230 ; 4.230 ; 4.230 ; 4.230 ;
; a[0]       ; MUX_out[3]  ; 4.549 ; 4.549 ; 4.549 ; 4.549 ;
; a[0]       ; display7[0] ; 4.523 ; 4.523 ; 4.523 ; 4.523 ;
; a[0]       ; display7[1] ; 4.877 ; 4.877 ; 4.877 ; 4.877 ;
; a[0]       ; display7[2] ; 4.511 ; 4.511 ; 4.511 ; 4.511 ;
; a[0]       ; display7[3] ; 4.722 ; 4.722 ; 4.722 ; 4.722 ;
; a[0]       ; display7[4] ; 4.685 ; 4.685 ; 4.685 ; 4.685 ;
; a[0]       ; display7[5] ; 4.719 ; 4.719 ; 4.719 ; 4.719 ;
; a[0]       ; display7[6] ; 4.461 ; 4.461 ; 4.461 ; 4.461 ;
; a[1]       ; LED_out     ; 5.571 ; 5.571 ; 5.571 ; 5.571 ;
; a[1]       ; MUX_out[1]  ; 4.357 ; 3.774 ; 3.774 ; 4.357 ;
; a[1]       ; MUX_out[2]  ; 4.191 ; 4.191 ; 4.191 ; 4.191 ;
; a[1]       ; MUX_out[3]  ; 4.515 ; 4.515 ; 4.515 ; 4.515 ;
; a[1]       ; display7[0] ; 4.587 ; 4.788 ; 4.788 ; 4.587 ;
; a[1]       ; display7[1] ; 4.639 ; 4.443 ; 4.443 ; 4.639 ;
; a[1]       ; display7[2] ; 4.232 ; 4.722 ; 4.722 ; 4.232 ;
; a[1]       ; display7[3] ; 4.680 ; 4.104 ; 4.104 ; 4.680 ;
; a[1]       ; display7[4] ; 4.627 ; 4.482 ; 4.482 ; 4.627 ;
; a[1]       ; display7[5] ; 4.589 ; 4.589 ; 4.589 ; 4.589 ;
; a[1]       ; display7[6] ; 4.331 ; 4.331 ; 4.331 ; 4.331 ;
; a[2]       ; LED_out     ; 5.232 ; 5.555 ; 5.555 ; 5.232 ;
; a[2]       ; MUX_out[2]  ; 3.905 ; 3.905 ; 3.905 ; 3.905 ;
; a[2]       ; MUX_out[3]  ; 4.130 ; 4.130 ; 4.130 ; 4.130 ;
; a[2]       ; display7[0] ; 4.567 ; 4.669 ; 4.669 ; 4.567 ;
; a[2]       ; display7[1] ; 4.458 ; 4.458 ; 4.458 ; 4.458 ;
; a[2]       ; display7[2] ; 4.533 ; 4.533 ; 4.533 ; 4.533 ;
; a[2]       ; display7[3] ; 4.557 ; 4.557 ; 4.557 ; 4.557 ;
; a[2]       ; display7[4] ; 4.354 ; 4.354 ; 4.354 ; 4.354 ;
; a[2]       ; display7[5] ; 4.599 ; 4.599 ; 4.599 ; 4.599 ;
; a[2]       ; display7[6] ; 4.444 ; 4.444 ; 4.444 ; 4.444 ;
; a[3]       ; LED_out     ; 4.715 ; 5.358 ; 5.358 ; 4.715 ;
; a[3]       ; MUX_out[3]  ; 4.214 ; 4.214 ; 4.214 ; 4.214 ;
; a[3]       ; display7[0] ; 4.366 ; 4.472 ; 4.472 ; 4.366 ;
; a[3]       ; display7[1] ; 4.542 ; 4.542 ; 4.542 ; 4.542 ;
; a[3]       ; display7[2] ; 4.586 ; 4.479 ; 4.479 ; 4.586 ;
; a[3]       ; display7[3] ; 4.544 ; 4.544 ; 4.544 ; 4.544 ;
; a[3]       ; display7[4] ; 4.438 ; 4.438 ; 4.438 ; 4.438 ;
; a[3]       ; display7[5] ; 4.505 ; 4.505 ; 4.505 ; 4.505 ;
; a[3]       ; display7[6] ; 4.247 ; 4.247 ; 4.247 ; 4.247 ;
; b[0]       ; LED_out     ; 5.438 ; 5.438 ; 5.438 ; 5.438 ;
; b[0]       ; MUX_out[0]  ; 3.921 ; 3.921 ; 3.921 ; 3.921 ;
; b[0]       ; MUX_out[1]  ; 3.818 ; 3.818 ; 3.818 ; 3.818 ;
; b[0]       ; MUX_out[2]  ; 4.058 ; 4.058 ; 4.058 ; 4.058 ;
; b[0]       ; MUX_out[3]  ; 4.377 ; 4.377 ; 4.377 ; 4.377 ;
; b[0]       ; display7[0] ; 4.347 ; 4.347 ; 4.347 ; 4.347 ;
; b[0]       ; display7[1] ; 4.487 ; 4.487 ; 4.487 ; 4.487 ;
; b[0]       ; display7[2] ; 4.276 ; 4.276 ; 4.276 ; 4.276 ;
; b[0]       ; display7[3] ; 4.148 ; 4.148 ; 4.148 ; 4.148 ;
; b[0]       ; display7[4] ; 4.513 ; 4.513 ; 4.513 ; 4.513 ;
; b[0]       ; display7[5] ; 4.543 ; 4.543 ; 4.543 ; 4.543 ;
; b[0]       ; display7[6] ; 4.285 ; 4.285 ; 4.285 ; 4.285 ;
; b[1]       ; LED_out     ; 5.445 ; 5.445 ; 5.445 ; 5.445 ;
; b[1]       ; MUX_out[1]  ; 4.222 ; 4.222 ; 4.222 ; 4.222 ;
; b[1]       ; MUX_out[2]  ; 4.066 ; 4.066 ; 4.066 ; 4.066 ;
; b[1]       ; MUX_out[3]  ; 4.377 ; 4.377 ; 4.377 ; 4.377 ;
; b[1]       ; display7[0] ; 4.411 ; 4.411 ; 4.411 ; 4.411 ;
; b[1]       ; display7[1] ; 4.705 ; 4.705 ; 4.705 ; 4.705 ;
; b[1]       ; display7[2] ; 4.525 ; 4.525 ; 4.525 ; 4.525 ;
; b[1]       ; display7[3] ; 4.483 ; 4.483 ; 4.483 ; 4.483 ;
; b[1]       ; display7[4] ; 4.250 ; 4.250 ; 4.250 ; 4.250 ;
; b[1]       ; display7[5] ; 4.212 ; 4.212 ; 4.212 ; 4.212 ;
; b[1]       ; display7[6] ; 3.954 ; 3.954 ; 3.954 ; 3.954 ;
; b[2]       ; LED_out     ; 4.913 ; 5.232 ; 5.232 ; 4.913 ;
; b[2]       ; MUX_out[2]  ; 3.584 ; 3.584 ; 3.584 ; 3.584 ;
; b[2]       ; MUX_out[3]  ; 3.810 ; 3.810 ; 3.810 ; 3.810 ;
; b[2]       ; display7[0] ; 4.346 ; 4.247 ; 4.247 ; 4.346 ;
; b[2]       ; display7[1] ; 4.138 ; 4.138 ; 4.138 ; 4.138 ;
; b[2]       ; display7[2] ; 4.212 ; 4.212 ; 4.212 ; 4.212 ;
; b[2]       ; display7[3] ; 4.236 ; 4.236 ; 4.236 ; 4.236 ;
; b[2]       ; display7[4] ; 4.034 ; 4.034 ; 4.034 ; 4.034 ;
; b[2]       ; display7[5] ; 4.279 ; 4.279 ; 4.279 ; 4.279 ;
; b[2]       ; display7[6] ; 4.121 ; 4.121 ; 4.121 ; 4.121 ;
; b[3]       ; LED_out     ; 4.949 ; 5.476 ; 5.476 ; 4.949 ;
; b[3]       ; MUX_out[3]  ; 4.449 ; 4.449 ; 4.449 ; 4.449 ;
; b[3]       ; display7[0] ; 4.590 ; 4.488 ; 4.488 ; 4.590 ;
; b[3]       ; display7[1] ; 4.777 ; 4.777 ; 4.777 ; 4.777 ;
; b[3]       ; display7[2] ; 4.601 ; 4.704 ; 4.704 ; 4.601 ;
; b[3]       ; display7[3] ; 4.662 ; 4.662 ; 4.662 ; 4.662 ;
; b[3]       ; display7[4] ; 4.661 ; 4.661 ; 4.661 ; 4.661 ;
; b[3]       ; display7[5] ; 4.623 ; 4.623 ; 4.623 ; 4.623 ;
; b[3]       ; display7[6] ; 4.365 ; 4.365 ; 4.365 ; 4.365 ;
; butao      ; display7[0] ;       ; 5.359 ; 5.359 ;       ;
; butao      ; display7[1] ; 6.366 ; 5.388 ; 5.388 ; 6.366 ;
; butao      ; display7[2] ;       ; 5.349 ; 5.349 ;       ;
; butao      ; display7[3] ;       ; 5.775 ; 5.775 ;       ;
; butao      ; display7[4] ;       ; 5.374 ; 5.374 ;       ;
; butao      ; display7[5] ; 5.432 ; 5.432 ; 5.432 ; 5.432 ;
; butao      ; display7[6] ; 6.109 ; 5.376 ; 5.376 ; 6.109 ;
+------------+-------------+-------+-------+-------+-------+


-------------------
; Clock Transfers ;
-------------------
Nothing to report.


---------------
; Report TCCS ;
---------------
No dedicated SERDES Transmitter circuitry present in device or used in design


---------------
; Report RSKM ;
---------------
No dedicated SERDES Receiver circuitry present in device or used in design


+------------------------------------------------+
; Unconstrained Paths                            ;
+---------------------------------+-------+------+
; Property                        ; Setup ; Hold ;
+---------------------------------+-------+------+
; Illegal Clocks                  ; 0     ; 0    ;
; Unconstrained Clocks            ; 0     ; 0    ;
; Unconstrained Input Ports       ; 12    ; 12   ;
; Unconstrained Input Port Paths  ; 127   ; 127  ;
; Unconstrained Output Ports      ; 12    ; 12   ;
; Unconstrained Output Port Paths ; 127   ; 127  ;
+---------------------------------+-------+------+


+------------------------------------+
; TimeQuest Timing Analyzer Messages ;
+------------------------------------+
Info: *******************************************************************
Info: Running Quartus II 32-bit TimeQuest Timing Analyzer
    Info: Version 13.0.1 Build 232 06/12/2013 Service Pack 1 SJ Web Edition
    Info: Processing started: Wed Apr 10 15:29:59 2019
Info: Command: quartus_sta SomSub -c SomSub
Info: qsta_default_script.tcl version: #1
Warning (20028): Parallel compilation is not licensed and has been disabled
Info (21077): Low junction temperature is 0 degrees C
Info (21077): High junction temperature is 85 degrees C
Critical Warning (332012): Synopsys Design Constraints File file not found: 'SomSub.sdc'. A Synopsys Design Constraints File is required by the TimeQuest Timing Analyzer to get proper timing constraints. Without it, the Compiler will not properly optimize the design.
Info (332142): No user constrained base clocks found in the design. Calling "derive_clocks -period 1.0"
Info (332096): The command derive_clocks did not find any clocks to derive.  No clocks were created or changed.
Warning (332068): No clocks defined in design.
Info: Found TIMEQUEST_REPORT_SCRIPT_INCLUDE_DEFAULT_ANALYSIS = ON
Info (332159): No clocks to report
Info: Analyzing Slow Model
Info (332140): No fmax paths to report
Info (332140): No Setup paths to report
Info (332140): No Hold paths to report
Info (332140): No Recovery paths to report
Info (332140): No Removal paths to report
Info (332140): No Minimum Pulse Width paths to report
Info (332001): The selected device family is not supported by the report_metastability command.
Info: Analyzing Fast Model
Info (332142): No user constrained base clocks found in the design. Calling "derive_clocks -period 1.0"
Info (332096): The command derive_clocks did not find any clocks to derive.  No clocks were created or changed.
Warning (332068): No clocks defined in design.
Info (332140): No Setup paths to report
Info (332140): No Hold paths to report
Info (332140): No Recovery paths to report
Info (332140): No Removal paths to report
Info (332140): No Minimum Pulse Width paths to report
Info (332001): The selected device family is not supported by the report_metastability command.
Info (332102): Design is not fully constrained for setup requirements
Info (332102): Design is not fully constrained for hold requirements
Info: Quartus II 32-bit TimeQuest Timing Analyzer was successful. 0 errors, 5 warnings
    Info: Peak virtual memory: 312 megabytes
    Info: Processing ended: Wed Apr 10 15:30:01 2019
    Info: Elapsed time: 00:00:02
    Info: Total CPU time (on all processors): 00:00:01


